[themewagon.github.io/meyawo/index.html]
[backblue.gif]
[fade.gif]
[index.html]
[themewagon.github.io/meyawo/assets/vendors/themify-icons/css/themify-icons.css]
[themewagon.github.io/meyawo/assets/css/meyawo.css]
[themewagon.github.io/meyawo/components.html]
[themewagon.github.io/meyawo/assets/imgs/man.png]
[themewagon.github.io/meyawo/assets/imgs/pencil-case.svg]
[themewagon.github.io/meyawo/assets/imgs/responsive.svg]
[themewagon.github.io/meyawo/assets/imgs/toolbox.svg]
[themewagon.github.io/meyawo/assets/imgs/analytics.svg]
[themewagon.github.io/meyawo/assets/imgs/folio-1.jpg]
[themewagon.github.io/meyawo/assets/imgs/folio-2.jpg]
[themewagon.github.io/meyawo/assets/imgs/folio-3.jpg]
[themewagon.github.io/meyawo/assets/imgs/scooter.svg]
[themewagon.github.io/meyawo/assets/imgs/shipped.svg]
[themewagon.github.io/meyawo/assets/imgs/startup.svg]
[themewagon.github.io/meyawo/assets/imgs/avatar2.jpg]
[themewagon.github.io/meyawo/assets/imgs/avatar3.jpg]
[themewagon.github.io/meyawo/assets/imgs/img-1.jpg]
[themewagon.github.io/meyawo/assets/imgs/img-2.jpg]
[themewagon.github.io/meyawo/assets/vendors/bootstrap/bootstrap.bundle.js]
[themewagon.github.io/meyawo/assets/vendors/jquery/jquery-3.4.1.js]
[themewagon.github.io/meyawo/assets/vendors/bootstrap/bootstrap.affix.js]
[themewagon.github.io/meyawo/assets/js/meyawo.js]
[themewagon.github.io/meyawo/index.html]
[themewagon.github.io/meyawo/assets/vendors/themify-icons/fonts/themify9f24.eot]
[themewagon.github.io/meyawo/assets/vendors/themify-icons/fonts/themifyd41d.eot]
[themewagon.github.io/meyawo/assets/vendors/themify-icons/fonts/themify9f24.woff]
[themewagon.github.io/meyawo/assets/vendors/themify-icons/fonts/themify9f24.ttf]
[themewagon.github.io/meyawo/assets/vendors/themify-icons/css/themify-icons.css]
[themewagon.github.io/meyawo/assets/vendors/themify-icons/fonts/themify9f24.svg]
[themewagon.github.io/meyawo/assets/imgs/header.jpg]
[themewagon.github.io/meyawo/assets/css/meyawo.css]
[themewagon.github.io/meyawo/components.html]
[themewagon.github.io/meyawo/assets/imgs/pencil-case.svg]
[themewagon.github.io/meyawo/assets/imgs/responsive.svg]
[themewagon.github.io/meyawo/assets/imgs/toolbox.svg]
[themewagon.github.io/meyawo/assets/imgs/analytics.svg]
[themewagon.github.io/meyawo/assets/imgs/scooter.svg]
[themewagon.github.io/meyawo/assets/imgs/shipped.svg]
[themewagon.github.io/meyawo/assets/imgs/startup.svg]
[themewagon.github.io/meyawo/assets/vendors/themify-icons/fonts/themify9f24.svg]
